sebas@Sam MINGW64 ~
$ cd /c/Users/sebas/OneDrive/Escritorio/UNIVALLE/"6) SEMESTRE"/"DESARROLLO DE SOFTWARE II"/"CLASE DE GIT Y TRABAJO GIT"

sebas@Sam MINGW64 ~/OneDrive/Escritorio/UNIVALLE/6) SEMESTRE/DESARROLLO DE SOFTWARE II/CLASE DE GIT Y TRABAJO GIT (master)
$ git init "aprendiendo-comandos-git"
Initialized empty Git repository in C:/Users/sebas/OneDrive/Escritorio/UNIVALLE/6) SEMESTRE/DESARROLLO DE SOFTWARE II/CLASE DE GIT Y TRABAJO GIT/aprendiendo-comandos-git/.git/

sebas@Sam MINGW64 ~/OneDrive/Escritorio/UNIVALLE/6) SEMESTRE/DESARROLLO DE SOFTWARE II/CLASE DE GIT Y TRABAJO GIT (master)
$ cd "/c/Users/sebas/OneDrive/Escritorio/UNIVALLE/6) SEMESTRE/DESARROLLO DE SOFTWARE II/CLASE DE GIT Y TRABAJO GIT/aprendiendo-comandos-git"

sebas@Sam MINGW64 ~/OneDrive/Escritorio/UNIVALLE/6) SEMESTRE/DESARROLLO DE SOFTWARE II/CLASE DE GIT Y TRABAJO GIT/aprendiendo-comandos-git (master)
$ git config --global user.name "Sebastian Albaran Maya"

sebas@Sam MINGW64 ~/OneDrive/Escritorio/UNIVALLE/6) SEMESTRE/DESARROLLO DE SOFTWARE II/CLASE DE GIT Y TRABAJO GIT/aprendiendo-comandos-git (master)
$ git config --global user.email sebastian.albaran@correounivalle.edu.co

sebas@Sam MINGW64 ~/OneDrive/Escritorio/UNIVALLE/6) SEMESTRE/DESARROLLO DE SOFTWARE II/CLASE DE GIT Y TRABAJO GIT/aprendiendo-comandos-git (master)
$ git checkout -b feature
Switched to a new branch 'feature'

sebas@Sam MINGW64 ~/OneDrive/Escritorio/UNIVALLE/6) SEMESTRE/DESARROLLO DE SOFTWARE II/CLASE DE GIT Y TRABAJO GIT/aprendiendo-comandos-git (feature)
$ echo "Texto inicial" > archivo.txt

sebas@Sam MINGW64 ~/OneDrive/Escritorio/UNIVALLE/6) SEMESTRE/DESARROLLO DE SOFTWARE II/CLASE DE GIT Y TRABAJO GIT/aprendiendo-comandos-git (feature)
$ git add archivo.txt
warning: in the working copy of 'archivo.txt', LF will be replaced by CRLF the next time Git touches it

sebas@Sam MINGW64 ~/OneDrive/Escritorio/UNIVALLE/6) SEMESTRE/DESARROLLO DE SOFTWARE II/CLASE DE GIT Y TRABAJO GIT/aprendiendo-comandos-git (feature)
$ git commit -m "Commit inicial"
[feature (root-commit) eaae738] Commit inicial
 1 file changed, 1 insertion(+)
 create mode 100644 archivo.txt

sebas@Sam MINGW64 ~/OneDrive/Escritorio/UNIVALLE/6) SEMESTRE/DESARROLLO DE SOFTWARE II/CLASE DE GIT Y TRABAJO GIT/aprendiendo-comandos-git (feature)
$ echo "Texto agregado en feature" >> archivo.txt

sebas@Sam MINGW64 ~/OneDrive/Escritorio/UNIVALLE/6) SEMESTRE/DESARROLLO DE SOFTWARE II/CLASE DE GIT Y TRABAJO GIT/aprendiendo-comandos-git (feature)
$ git commit -am "Segundo commit en feature"
warning: in the working copy of 'archivo.txt', LF will be replaced by CRLF the next time Git touches it
[feature ee9139e] Segundo commit en feature
 1 file changed, 1 insertion(+)

sebas@Sam MINGW64 ~/OneDrive/Escritorio/UNIVALLE/6) SEMESTRE/DESARROLLO DE SOFTWARE II/CLASE DE GIT Y TRABAJO GIT/aprendiendo-comandos-git (feature)
$ echo "Tercer cambio" >> archivo.txt

sebas@Sam MINGW64 ~/OneDrive/Escritorio/UNIVALLE/6) SEMESTRE/DESARROLLO DE SOFTWARE II/CLASE DE GIT Y TRABAJO GIT/aprendiendo-comandos-git (feature)
$ git commit -am "Tercer commit en feature"
warning: in the working copy of 'archivo.txt', LF will be replaced by CRLF the next time Git touches it
[feature 4be0994] Tercer commit en feature
 1 file changed, 1 insertion(+)

sebas@Sam MINGW64 ~/OneDrive/Escritorio/UNIVALLE/6) SEMESTRE/DESARROLLO DE SOFTWARE II/CLASE DE GIT Y TRABAJO GIT/aprendiendo-comandos-git (feature)
$ git checkout -b master
Switched to a new branch 'master'

sebas@Sam MINGW64 ~/OneDrive/Escritorio/UNIVALLE/6) SEMESTRE/DESARROLLO DE SOFTWARE II/CLASE DE GIT Y TRABAJO GIT/aprendiendo-comandos-git (master)
$ git checkout

sebas@Sam MINGW64 ~/OneDrive/Escritorio/UNIVALLE/6) SEMESTRE/DESARROLLO DE SOFTWARE II/CLASE DE GIT Y TRABAJO GIT/aprendiendo-comandos-git (master)
$ git branch
  feature
* master

sebas@Sam MINGW64 ~/OneDrive/Escritorio/UNIVALLE/6) SEMESTRE/DESARROLLO DE SOFTWARE II/CLASE DE GIT Y TRABAJO GIT/aprendiendo-comandos-git (master)
$ git merge feature
Already up to date.

sebas@Sam MINGW64 ~/OneDrive/Escritorio/UNIVALLE/6) SEMESTRE/DESARROLLO DE SOFTWARE II/CLASE DE GIT Y TRABAJO GIT/aprendiendo-comandos-git (master)
$ git reset --hard HEAD~1
HEAD is now at ee9139e Segundo commit en feature

sebas@Sam MINGW64 ~/OneDrive/Escritorio/UNIVALLE/6) SEMESTRE/DESARROLLO DE SOFTWARE II/CLASE DE GIT Y TRABAJO GIT/aprendiendo-comandos-git (master)
$ git rebase feature
Successfully rebased and updated refs/heads/master.

sebas@Sam MINGW64 ~/OneDrive/Escritorio/UNIVALLE/6) SEMESTRE/DESARROLLO DE SOFTWARE II/CLASE DE GIT Y TRABAJO GIT/aprendiendo-comandos-git (master)
$ git checkout -b hotfix
Switched to a new branch 'hotfix'

sebas@Sam MINGW64 ~/OneDrive/Escritorio/UNIVALLE/6) SEMESTRE/DESARROLLO DE SOFTWARE II/CLASE DE GIT Y TRABAJO GIT/aprendiendo-comandos-git (hotfix)
$ echo "Corrección urgente" >> archivo.txt

sebas@Sam MINGW64 ~/OneDrive/Escritorio/UNIVALLE/6) SEMESTRE/DESARROLLO DE SOFTWARE II/CLASE DE GIT Y TRABAJO GIT/aprendiendo-comandos-git (hotfix)
$ git commit -am "Hotfix"
warning: in the working copy of 'archivo.txt', LF will be replaced by CRLF the next time Git touches it
[hotfix d04b784] Hotfix
 1 file changed, 1 insertion(+)

sebas@Sam MINGW64 ~/OneDrive/Escritorio/UNIVALLE/6) SEMESTRE/DESARROLLO DE SOFTWARE II/CLASE DE GIT Y TRABAJO GIT/aprendiendo-comandos-git (hotfix)
$ git checkout master
Switched to branch 'master'

sebas@Sam MINGW64 ~/OneDrive/Escritorio/UNIVALLE/6) SEMESTRE/DESARROLLO DE SOFTWARE II/CLASE DE GIT Y TRABAJO GIT/aprendiendo-comandos-git (master)
$ git cherry-pick hotfix
[master bc88faa] Hotfix
 Date: Thu Oct 10 22:46:20 2024 -0500
 1 file changed, 1 insertion(+)

sebas@Sam MINGW64 ~/OneDrive/Escritorio/UNIVALLE/6) SEMESTRE/DESARROLLO DE SOFTWARE II/CLASE DE GIT Y TRABAJO GIT/aprendiendo-comandos-git (master)
$ git reflog
bc88faa (HEAD -> master) HEAD@{0}: cherry-pick: Hotfix
4be0994 (feature) HEAD@{1}: checkout: moving from hotfix to master
d04b784 (hotfix) HEAD@{2}: commit: Hotfix
4be0994 (feature) HEAD@{3}: checkout: moving from master to hotfix
4be0994 (feature) HEAD@{4}: rebase (finish): returning to refs/heads/master
4be0994 (feature) HEAD@{5}: rebase (start): checkout feature
ee9139e HEAD@{6}: reset: moving to HEAD~1
4be0994 (feature) HEAD@{7}: checkout: moving from feature to master
4be0994 (feature) HEAD@{8}: commit: Tercer commit en feature
ee9139e HEAD@{9}: commit: Segundo commit en feature
eaae738 HEAD@{10}: commit (initial): Commit inicial

sebas@Sam MINGW64 ~/OneDrive/Escritorio/UNIVALLE/6) SEMESTRE/DESARROLLO DE SOFTWARE II/CLASE DE GIT Y TRABAJO GIT/aprendiendo-comandos-git (master)
$ git cherry-pick d04b784
The previous cherry-pick is now empty, possibly due to conflict resolution.
If you wish to commit it anyway, use:

    git commit --allow-empty

Otherwise, please use 'git cherry-pick --skip'
On branch master
You are currently cherry-picking commit d04b784.
  (all conflicts fixed: run "git cherry-pick --continue")
  (use "git cherry-pick --skip" to skip this patch)
  (use "git cherry-pick --abort" to cancel the cherry-pick operation)

nothing to commit, working tree clean

sebas@Sam MINGW64 ~/OneDrive/Escritorio/UNIVALLE/6) SEMESTRE/DESARROLLO DE SOFTWARE II/CLASE DE GIT Y TRABAJO GIT/aprendiendo-comandos-git (master|CHERRY-PICKING)
$ git checkout hotfix
Switched to branch 'hotfix'
warning: cancelling a cherry picking in progress

sebas@Sam MINGW64 ~/OneDrive/Escritorio/UNIVALLE/6) SEMESTRE/DESARROLLO DE SOFTWARE II/CLASE DE GIT Y TRABAJO GIT/aprendiendo-comandos-git (hotfix)
$ git checkout master
Switched to branch 'master'

sebas@Sam MINGW64 ~/OneDrive/Escritorio/UNIVALLE/6) SEMESTRE/DESARROLLO DE SOFTWARE II/CLASE DE GIT Y TRABAJO GIT/aprendiendo-comandos-git (master)
$ git cherry-pick d04b784
The previous cherry-pick is now empty, possibly due to conflict resolution.
If you wish to commit it anyway, use:

    git commit --allow-empty

Otherwise, please use 'git cherry-pick --skip'
On branch master
You are currently cherry-picking commit d04b784.
  (all conflicts fixed: run "git cherry-pick --continue")
  (use "git cherry-pick --skip" to skip this patch)
  (use "git cherry-pick --abort" to cancel the cherry-pick operation)

nothing to commit, working tree clean

sebas@Sam MINGW64 ~/OneDrive/Escritorio/UNIVALLE/6) SEMESTRE/DESARROLLO DE SOFTWARE II/CLASE DE GIT Y TRABAJO GIT/aprendiendo-comandos-git (master|CHERRY-PICKING)
$ git checkout feature
Switched to branch 'feature'
warning: cancelling a cherry picking in progress

sebas@Sam MINGW64 ~/OneDrive/Escritorio/UNIVALLE/6) SEMESTRE/DESARROLLO DE SOFTWARE II/CLASE DE GIT Y TRABAJO GIT/aprendiendo-comandos-git (feature)
$ echo "Cambio en feature" > conflicto.txt

sebas@Sam MINGW64 ~/OneDrive/Escritorio/UNIVALLE/6) SEMESTRE/DESARROLLO DE SOFTWARE II/CLASE DE GIT Y TRABAJO GIT/aprendiendo-comandos-git (feature)
$ git commit -am "Cambio en feature"
On branch feature
Untracked files:
  (use "git add <file>..." to include in what will be committed)
        conflicto.txt

nothing added to commit but untracked files present (use "git add" to track)

sebas@Sam MINGW64 ~/OneDrive/Escritorio/UNIVALLE/6) SEMESTRE/DESARROLLO DE SOFTWARE II/CLASE DE GIT Y TRABAJO GIT/aprendiendo-comandos-git (feature)
$ git checkout master
Switched to branch 'master'

sebas@Sam MINGW64 ~/OneDrive/Escritorio/UNIVALLE/6) SEMESTRE/DESARROLLO DE SOFTWARE II/CLASE DE GIT Y TRABAJO GIT/aprendiendo-comandos-git (master)
$ echo "Cambio en master" > conflicto.txt

sebas@Sam MINGW64 ~/OneDrive/Escritorio/UNIVALLE/6) SEMESTRE/DESARROLLO DE SOFTWARE II/CLASE DE GIT Y TRABAJO GIT/aprendiendo-comandos-git (master)
$ git commit -am "Cambio en master"
On branch master
Untracked files:
  (use "git add <file>..." to include in what will be committed)
        conflicto.txt

nothing added to commit but untracked files present (use "git add" to track)

sebas@Sam MINGW64 ~/OneDrive/Escritorio/UNIVALLE/6) SEMESTRE/DESARROLLO DE SOFTWARE II/CLASE DE GIT Y TRABAJO GIT/aprendiendo-comandos-git (master)
$ git merge feature
Already up to date.

sebas@Sam MINGW64 ~/OneDrive/Escritorio/UNIVALLE/6) SEMESTRE/DESARROLLO DE SOFTWARE II/CLASE DE GIT Y TRABAJO GIT/aprendiendo-comandos-git (master)
$ echo "Readme taller git sebastian albaran maya" > Readme.md


